src/components/cutting-simulator/ProjectEditor.tsx(1456,65): error TS2345: Argument of type 'number | undefined' is not assignable to parameter of type 'number'.
  Type 'undefined' is not assignable to type 'number'.
